2025-07-05 17:20:00 INFO: Starting pendingRewards Salary Distribution for 1 users.
2025-07-05 17:20:00 WARN: Skipping user HYM704379: next salary due after 2025-08-05
2025-07-05 17:20:00 INFO: ✅ Finished processing pending rewards after 1 month.
2025-07-05 17:21:00 INFO: Starting pendingRewards Salary Distribution for 1 users.
2025-07-05 17:21:00 INFO: ✅ Released monthly salary $500 for user HYM704379 after 1 month of reward achievement.
2025-07-05 17:21:00 INFO: ✅ Finished processing pending rewards after 1 month.
2025-07-05 17:22:00 INFO: Starting pendingRewards Salary Distribution for 1 users.
2025-07-05 17:22:00 WARN: Skipping user HYM704379: next salary due after 2025-08-05
2025-07-05 17:22:00 INFO: ✅ Finished processing pending rewards after 1 month.
2025-07-05 17:23:00 INFO: Starting pendingRewards Salary Distribution for 1 users.
2025-07-05 17:23:00 WARN: Skipping user HYM704379: next salary due after 2025-08-05
2025-07-05 17:23:00 INFO: ✅ Finished processing pending rewards after 1 month.
2025-07-05 17:24:01 INFO: Starting pendingRewards Salary Distribution for 1 users.
2025-07-05 17:24:01 WARN: Skipping user HYM704379: next salary due after 2025-07-06
2025-07-05 17:24:01 INFO: ✅ Finished processing pending rewards after 1 month.
2025-07-05 17:25:00 INFO: Starting pendingRewards Salary Distribution for 1 users.
2025-07-05 17:25:01 WARN: Skipping user HYM704379: next salary due after 2025-07-06
2025-07-05 17:25:01 INFO: ✅ Finished processing pending rewards after 1 month.
2025-07-05 17:26:00 INFO: Starting pendingRewards Salary Distribution for 1 users.
2025-07-05 17:26:00 WARN: Skipping user HYM704379: next salary due after 2025-07-06
2025-07-05 17:26:00 INFO: ✅ Finished processing pending rewards after 1 month.
2025-07-05 17:27:00 INFO: Starting pendingRewards Salary Distribution for 1 users.
2025-07-05 17:27:00 WARN: Skipping user HYM704379: next salary due after 2025-07-06
2025-07-05 17:27:00 INFO: ✅ Finished processing pending rewards after 1 month.
2025-07-05 17:28:00 INFO: Starting pendingRewards Salary Distribution for 1 users.
2025-07-05 17:28:00 WARN: Skipping user HYM704379: next salary due after 2025-07-06
2025-07-05 17:28:00 INFO: ✅ Finished processing pending rewards after 1 month.
2025-07-05 17:29:00 INFO: Starting pendingRewards Salary Distribution for 1 users.
2025-07-05 17:29:00 WARN: Skipping user HYM704379: next salary due after 2025-07-06
2025-07-05 17:29:00 INFO: ✅ Finished processing pending rewards after 1 month.
2025-07-05 17:30:00 INFO: Starting pendingRewards Salary Distribution for 1 users.
2025-07-05 17:30:00 WARN: Skipping user HYM704379: next salary due after 2025-07-06
2025-07-05 17:30:00 INFO: ✅ Finished processing pending rewards after 1 month.
2025-07-05 17:31:00 INFO: Starting pendingRewards Salary Distribution for 1 users.
2025-07-05 17:31:00 WARN: Skipping user HYM704379: next salary due after 2025-07-06
2025-07-05 17:31:00 INFO: ✅ Finished processing pending rewards after 1 month.
2025-07-05 17:32:01 INFO: Starting pendingRewards Salary Distribution for 1 users.
2025-07-05 17:32:01 WARN: Skipping user HYM704379: next salary due after 2025-07-06
2025-07-05 17:32:01 INFO: ✅ Finished processing pending rewards after 1 month.
2025-07-05 17:33:00 INFO: Starting pendingRewards Salary Distribution for 1 users.
2025-07-05 17:33:00 WARN: Skipping user HYM704379: next salary due after 2025-07-06
2025-07-05 17:33:00 INFO: ✅ Finished processing pending rewards after 1 month.
2025-07-05 17:34:00 INFO: Starting pendingRewards Salary Distribution for 1 users.
2025-07-05 17:34:00 WARN: Skipping user HYM704379: next salary due after 2025-07-06
2025-07-05 17:34:00 INFO: ✅ Finished processing pending rewards after 1 month.
2025-07-05 17:35:00 INFO: Starting pendingRewards Salary Distribution for 1 users.
2025-07-05 17:35:00 WARN: Skipping user HYM704379: next salary due after 2025-07-06
2025-07-05 17:35:00 INFO: ✅ Finished processing pending rewards after 1 month.
2025-07-05 17:36:00 INFO: Starting pendingRewards Salary Distribution for 1 users.
2025-07-05 17:36:00 WARN: Skipping user HYM704379: next salary due after 2025-07-06
2025-07-05 17:36:00 INFO: ✅ Finished processing pending rewards after 1 month.
2025-07-05 17:37:00 INFO: Starting pendingRewards Salary Distribution for 1 users.
2025-07-05 17:37:00 WARN: Skipping user HYM704379: next salary due after 2025-07-06
2025-07-05 17:37:00 INFO: ✅ Finished processing pending rewards after 1 month.
2025-07-05 17:38:00 INFO: Starting pendingRewards Salary Distribution for 1 users.
2025-07-05 17:38:00 WARN: Skipping user HYM704379: next salary due after 2025-07-06
2025-07-05 17:38:00 INFO: ✅ Finished processing pending rewards after 1 month.
2025-07-05 17:39:00 INFO: Starting pendingRewards Salary Distribution for 1 users.
2025-07-05 17:39:00 WARN: Skipping user HYM704379: next salary due after 2025-07-06
2025-07-05 17:39:00 INFO: ✅ Finished processing pending rewards after 1 month.
2025-07-05 17:40:00 INFO: Starting pendingRewards Salary Distribution for 1 users.
2025-07-05 17:40:00 WARN: Skipping user HYM704379: next salary due after 2025-07-06
2025-07-05 17:40:00 INFO: ✅ Finished processing pending rewards after 1 month.
2025-07-05 17:43:00 INFO: Starting pendingRewards Salary Distribution for 1 users.
2025-07-05 17:43:00 WARN: Skipping user HYM704379: next salary due after 2025-07-06
2025-07-05 17:43:00 INFO: ✅ Finished processing pending rewards after 1 month.
2025-07-05 17:44:00 INFO: Starting pendingRewards Salary Distribution for 1 users.
2025-07-05 17:44:00 WARN: Skipping user HYM704379: next salary due after 2025-07-06
2025-07-05 17:44:00 INFO: ✅ Finished processing pending rewards after 1 month.
2025-07-05 17:45:00 INFO: Starting pendingRewards Salary Distribution for 1 users.
2025-07-05 17:45:00 WARN: Skipping user HYM704379: next salary due after 2025-07-06
2025-07-05 17:45:00 INFO: ✅ Finished processing pending rewards after 1 month.
2025-07-05 17:46:00 INFO: Starting pendingRewards Salary Distribution for 1 users.
2025-07-05 17:46:00 WARN: Skipping user HYM704379: next salary due after 2025-07-06
2025-07-05 17:46:00 INFO: ✅ Finished processing pending rewards after 1 month.
2025-07-05 17:47:00 INFO: Starting pendingRewards Salary Distribution for 1 users.
2025-07-05 17:47:00 WARN: Skipping user HYM704379: next salary due after 2025-07-06
2025-07-05 17:47:00 INFO: ✅ Finished processing pending rewards after 1 month.
2025-07-05 17:48:00 INFO: Starting pendingRewards Salary Distribution for 1 users.
2025-07-05 17:48:00 WARN: Skipping user HYM704379: next salary due after 2025-07-06
2025-07-05 17:48:00 INFO: ✅ Finished processing pending rewards after 1 month.
2025-07-05 17:49:00 INFO: Starting pendingRewards Salary Distribution for 1 users.
2025-07-05 17:49:00 WARN: Skipping user HYM704379: next salary due after 2025-07-06
2025-07-05 17:49:00 INFO: ✅ Finished processing pending rewards after 1 month.
2025-07-05 17:50:00 INFO: Starting pendingRewards Salary Distribution for 1 users.
2025-07-05 17:50:00 WARN: Skipping user HYM704379: next salary due after 2025-07-06
2025-07-05 17:50:00 INFO: ✅ Finished processing pending rewards after 1 month.
2025-07-05 17:51:00 INFO: Starting pendingRewards Salary Distribution for 1 users.
2025-07-05 17:51:00 WARN: Skipping user HYM704379: next salary due after 2025-07-06
2025-07-05 17:51:00 INFO: ✅ Finished processing pending rewards after 1 month.
2025-07-05 17:52:00 INFO: Starting pendingRewards Salary Distribution for 1 users.
2025-07-05 17:52:00 WARN: Skipping user HYM704379: next salary due after 2025-07-06
2025-07-05 17:52:00 INFO: ✅ Finished processing pending rewards after 1 month.
2025-07-05 17:54:00 INFO: Starting pendingRewards Salary Distribution for 1 users.
2025-07-05 17:54:00 WARN: Skipping user HYM704379: next salary due after 2025-07-06
2025-07-05 17:54:00 INFO: ✅ Finished processing pending rewards after 1 month.
2025-07-05 17:55:00 INFO: Starting pendingRewards Salary Distribution for 1 users.
2025-07-05 17:55:00 WARN: Skipping user HYM704379: next salary due after 2025-07-06
2025-07-05 17:55:00 INFO: ✅ Finished processing pending rewards after 1 month.
2025-07-05 17:56:00 INFO: Starting pendingRewards Salary Distribution for 1 users.
2025-07-05 17:56:00 WARN: Skipping user HYM704379: next salary due after 2025-07-06
2025-07-05 17:56:00 INFO: ✅ Finished processing pending rewards after 1 month.
2025-07-05 17:57:00 INFO: Starting pendingRewards Salary Distribution for 1 users.
2025-07-05 17:57:00 WARN: Skipping user HYM704379: next salary due after 2025-07-06
2025-07-05 17:57:00 INFO: ✅ Finished processing pending rewards after 1 month.
2025-07-05 17:57:00 ERROR: ❌ Cron error: notNull Violation: Growth.user_id_fk cannot be null notNull Violation: Growth.user_id_fk cannot be null
2025-07-05 17:59:00 INFO: Starting pendingRewards Salary Distribution for 1 users.
2025-07-05 17:59:00 WARN: Skipping user HYM704379: next salary due after 2025-07-06
2025-07-05 17:59:00 INFO: ✅ Finished processing pending rewards after 1 month.
2025-07-05 17:59:00 ERROR: ❌ Cron error: Incorrect integer value: 'Approved' for column `hypermesh`.`growths`.`status` at row 1 Incorrect integer value: 'Approved' for column `hypermesh`.`growths`.`status` at row 1
2025-07-05 18:00:00 INFO: Starting pendingRewards Salary Distribution for 1 users.
2025-07-05 18:00:00 WARN: Skipping user HYM704379: next salary due after 2025-07-06
2025-07-05 18:00:00 INFO: ✅ Finished processing pending rewards after 1 month.
2025-07-05 18:00:01 INFO: Finished global community update with 50/50 growth rewards.
2025-07-05 18:02:00 INFO: Starting pendingRewards Salary Distribution for 1 users.
2025-07-05 18:02:00 WARN: Skipping user HYM704379: next salary due after 2025-07-06
2025-07-05 18:02:00 INFO: ✅ Finished processing pending rewards after 1 month.
2025-07-05 18:02:01 INFO: Finished global community update with 50/50 growth rewards.
2025-07-05 18:03:00 INFO: Starting pendingRewards Salary Distribution for 1 users.
2025-07-05 18:03:00 WARN: Skipping user HYM704379: next salary due after 2025-07-06
2025-07-05 18:03:00 INFO: ✅ Finished processing pending rewards after 1 month.
2025-07-05 18:03:02 INFO: Finished global community update with 50/50 growth rewards.
2025-07-05 18:04:00 INFO: Starting pendingRewards Salary Distribution for 1 users.
2025-07-05 18:04:00 WARN: Skipping user HYM704379: next salary due after 2025-07-06
2025-07-05 18:04:00 INFO: ✅ Finished processing pending rewards after 1 month.
2025-07-05 18:04:02 INFO: Finished global community update with 50/50 growth rewards.
2025-07-05 18:05:00 INFO: Starting pendingRewards Salary Distribution for 1 users.
2025-07-05 18:05:00 WARN: Skipping user HYM704379: next salary due after 2025-07-06
2025-07-05 18:05:00 INFO: ✅ Finished processing pending rewards after 1 month.
2025-07-05 18:05:01 INFO: Finished global community update with 50/50 growth rewards.
2025-07-05 18:06:00 INFO: Starting pendingRewards Salary Distribution for 1 users.
2025-07-05 18:06:00 WARN: Skipping user HYM704379: next salary due after 2025-07-06
2025-07-05 18:06:00 INFO: ✅ Finished processing pending rewards after 1 month.
2025-07-05 18:06:01 INFO: Finished global community update with 50/50 growth rewards.
2025-07-05 18:07:00 INFO: Starting pendingRewards Salary Distribution for 1 users.
2025-07-05 18:07:00 WARN: Skipping user HYM704379: next salary due after 2025-07-06
2025-07-05 18:07:00 INFO: ✅ Finished processing pending rewards after 1 month.
2025-07-05 18:07:01 INFO: Finished global community update with 50/50 growth rewards.
2025-07-05 18:08:00 INFO: Starting pendingRewards Salary Distribution for 1 users.
2025-07-05 18:08:00 WARN: Skipping user HYM704379: next salary due after 2025-07-06
2025-07-05 18:08:00 INFO: ✅ Finished processing pending rewards after 1 month.
2025-07-05 18:08:01 INFO: Finished global community update with 50/50 growth rewards.
2025-07-05 18:09:00 INFO: Starting pendingRewards Salary Distribution for 1 users.
2025-07-05 18:09:00 WARN: Skipping user HYM704379: next salary due after 2025-07-06
2025-07-05 18:09:00 INFO: ✅ Finished processing pending rewards after 1 month.
2025-07-05 18:09:01 INFO: Finished global community update with 50/50 growth rewards.
2025-07-05 18:10:00 INFO: Starting pendingRewards Salary Distribution for 1 users.
2025-07-05 18:10:00 WARN: Skipping user HYM704379: next salary due after 2025-07-06
2025-07-05 18:10:00 INFO: ✅ Finished processing pending rewards after 1 month.
2025-07-05 18:10:01 INFO: Finished global community update with 50/50 growth rewards.
2025-07-05 18:11:00 INFO: Starting pendingRewards Salary Distribution for 1 users.
2025-07-05 18:11:00 WARN: Skipping user HYM704379: next salary due after 2025-07-06
2025-07-05 18:11:00 INFO: ✅ Finished processing pending rewards after 1 month.
2025-07-05 18:11:01 INFO: Finished global community update with 50/50 growth rewards.
2025-07-05 18:12:00 INFO: Starting pendingRewards Salary Distribution for 1 users.
2025-07-05 18:12:00 WARN: Skipping user HYM704379: next salary due after 2025-07-06
2025-07-05 18:12:00 INFO: ✅ Finished processing pending rewards after 1 month.
2025-07-05 18:12:03 INFO: Finished global community update with 50/50 growth rewards.
2025-07-05 18:13:00 INFO: Starting pendingRewards Salary Distribution for 1 users.
2025-07-05 18:13:00 WARN: Skipping user HYM704379: next salary due after 2025-07-06
2025-07-05 18:13:00 INFO: ✅ Finished processing pending rewards after 1 month.
2025-07-05 18:13:03 INFO: Finished global community update with 50/50 growth rewards.
2025-07-05 18:14:00 INFO: Starting pendingRewards Salary Distribution for 1 users.
2025-07-05 18:14:00 WARN: Skipping user HYM704379: next salary due after 2025-07-06
2025-07-05 18:14:00 INFO: ✅ Finished processing pending rewards after 1 month.
2025-07-05 18:14:01 INFO: Finished global community update with 50/50 growth rewards.
2025-07-05 18:15:00 INFO: Starting pendingRewards Salary Distribution for 1 users.
2025-07-05 18:15:00 WARN: Skipping user HYM704379: next salary due after 2025-07-06
2025-07-05 18:15:00 INFO: ✅ Finished processing pending rewards after 1 month.
2025-07-05 18:15:04 INFO: Finished global community update with 50/50 growth rewards.
2025-07-05 18:16:00 INFO: Starting pendingRewards Salary Distribution for 1 users.
2025-07-05 18:16:00 WARN: Skipping user HYM704379: next salary due after 2025-07-06
2025-07-05 18:16:00 INFO: ✅ Finished processing pending rewards after 1 month.
2025-07-05 18:16:02 INFO: Finished global community update with 50/50 growth rewards.
2025-07-05 18:17:00 INFO: Starting pendingRewards Salary Distribution for 1 users.
2025-07-05 18:17:01 WARN: Skipping user HYM704379: next salary due after 2025-07-06
2025-07-05 18:17:01 INFO: ✅ Finished processing pending rewards after 1 month.
2025-07-05 18:17:04 INFO: Finished global community update with 50/50 growth rewards.
2025-07-05 18:18:00 INFO: Starting pendingRewards Salary Distribution for 1 users.
2025-07-05 18:18:00 WARN: Skipping user HYM704379: next salary due after 2025-07-06
2025-07-05 18:18:00 INFO: ✅ Finished processing pending rewards after 1 month.
2025-07-05 18:18:02 INFO: Finished global community update with 50/50 growth rewards.
2025-07-05 18:19:00 INFO: Starting pendingRewards Salary Distribution for 1 users.
2025-07-05 18:19:00 WARN: Skipping user HYM704379: next salary due after 2025-07-06
2025-07-05 18:19:00 INFO: ✅ Finished processing pending rewards after 1 month.
2025-07-05 18:19:00 INFO: Finished global community update with 50/50 growth rewards.
2025-07-05 18:20:00 INFO: Starting pendingRewards Salary Distribution for 1 users.
2025-07-05 18:20:00 WARN: Skipping user HYM704379: next salary due after 2025-07-06
2025-07-05 18:20:00 INFO: ✅ Finished processing pending rewards after 1 month.
2025-07-05 18:20:01 INFO: Finished global community update with 50/50 growth rewards.
2025-07-05 18:21:00 INFO: Starting pendingRewards Salary Distribution for 1 users.
2025-07-05 18:21:00 WARN: Skipping user HYM704379: next salary due after 2025-07-06
2025-07-05 18:21:00 INFO: ✅ Finished processing pending rewards after 1 month.
2025-07-05 18:21:01 INFO: Finished global community update with 50/50 growth rewards.
2025-07-05 18:22:00 INFO: Starting pendingRewards Salary Distribution for 1 users.
2025-07-05 18:22:00 WARN: Skipping user HYM704379: next salary due after 2025-07-06
2025-07-05 18:22:00 INFO: ✅ Finished processing pending rewards after 1 month.
2025-07-05 18:22:02 INFO: Finished global community update with 50/50 growth rewards.
2025-07-05 18:23:00 INFO: Starting pendingRewards Salary Distribution for 1 users.
2025-07-05 18:23:00 WARN: Skipping user HYM704379: next salary due after 2025-07-06
2025-07-05 18:23:00 INFO: ✅ Finished processing pending rewards after 1 month.
2025-07-05 18:23:01 INFO: Finished global community update with 50/50 growth rewards.
2025-07-05 18:24:00 INFO: Starting pendingRewards Salary Distribution for 1 users.
2025-07-05 18:24:00 WARN: Skipping user HYM704379: next salary due after 2025-07-06
2025-07-05 18:24:00 INFO: ✅ Finished processing pending rewards after 1 month.
2025-07-05 18:24:01 INFO: Finished global community update with 50/50 growth rewards.
2025-07-05 18:25:00 INFO: Starting pendingRewards Salary Distribution for 1 users.
2025-07-05 18:25:00 WARN: Skipping user HYM704379: next salary due after 2025-07-06
2025-07-05 18:25:00 INFO: ✅ Finished processing pending rewards after 1 month.
2025-07-05 18:25:02 INFO: Finished global community update with 50/50 growth rewards.
2025-07-05 18:26:00 INFO: Starting pendingRewards Salary Distribution for 1 users.
2025-07-05 18:26:00 WARN: Skipping user HYM704379: next salary due after 2025-07-06
2025-07-05 18:26:00 INFO: ✅ Finished processing pending rewards after 1 month.
2025-07-05 18:26:01 INFO: Finished global community update with 50/50 growth rewards.
2025-07-05 18:27:00 INFO: Starting pendingRewards Salary Distribution for 1 users.
2025-07-05 18:27:00 WARN: Skipping user HYM704379: next salary due after 2025-07-06
2025-07-05 18:27:00 INFO: ✅ Finished processing pending rewards after 1 month.
2025-07-05 18:27:02 INFO: Finished global community update with 50/50 growth rewards.
2025-07-05 18:28:00 INFO: Starting pendingRewards Salary Distribution for 1 users.
2025-07-05 18:28:00 WARN: Skipping user HYM704379: next salary due after 2025-07-06
2025-07-05 18:28:00 INFO: ✅ Finished processing pending rewards after 1 month.
2025-07-05 18:28:01 INFO: Finished global community update with 50/50 growth rewards.
2025-07-05 18:29:00 INFO: Starting pendingRewards Salary Distribution for 1 users.
2025-07-05 18:29:00 WARN: Skipping user HYM704379: next salary due after 2025-07-06
2025-07-05 18:29:00 INFO: ✅ Finished processing pending rewards after 1 month.
2025-07-05 18:29:02 INFO: Finished global community update with 50/50 growth rewards.
2025-07-05 18:30:00 INFO: Starting pendingRewards Salary Distribution for 1 users.
2025-07-05 18:30:00 WARN: Skipping user HYM704379: next salary due after 2025-07-06
2025-07-05 18:30:00 INFO: ✅ Finished processing pending rewards after 1 month.
2025-07-05 18:30:01 INFO: Finished global community update with 50/50 growth rewards.
2025-07-05 18:31:01 INFO: Starting pendingRewards Salary Distribution for 1 users.
2025-07-05 18:31:01 WARN: Skipping user HYM704379: next salary due after 2025-07-06
2025-07-05 18:31:01 INFO: ✅ Finished processing pending rewards after 1 month.
2025-07-05 18:31:02 INFO: Finished global community update with 50/50 growth rewards.
2025-07-05 18:32:00 INFO: Starting pendingRewards Salary Distribution for 1 users.
2025-07-05 18:32:00 WARN: Skipping user HYM704379: next salary due after 2025-07-06
2025-07-05 18:32:00 INFO: ✅ Finished processing pending rewards after 1 month.
2025-07-05 18:32:00 INFO: Finished global community update with 50/50 growth rewards.
2025-07-05 18:33:00 INFO: Starting pendingRewards Salary Distribution for 1 users.
2025-07-05 18:33:00 WARN: Skipping user HYM704379: next salary due after 2025-07-06
2025-07-05 18:33:00 INFO: ✅ Finished processing pending rewards after 1 month.
2025-07-05 18:33:01 INFO: Finished global community update with 50/50 growth rewards.
2025-07-05 18:34:00 INFO: Starting pendingRewards Salary Distribution for 1 users.
2025-07-05 18:34:00 WARN: Skipping user HYM704379: next salary due after 2025-07-06
2025-07-05 18:34:00 INFO: ✅ Finished processing pending rewards after 1 month.
2025-07-05 18:34:01 INFO: Finished global community update with 50/50 growth rewards.
2025-07-05 18:35:00 INFO: Starting pendingRewards Salary Distribution for 1 users.
2025-07-05 18:35:00 WARN: Skipping user HYM704379: next salary due after 2025-07-06
2025-07-05 18:35:00 INFO: ✅ Finished processing pending rewards after 1 month.
2025-07-05 18:35:01 INFO: Finished global community update with 50/50 growth rewards.
2025-07-05 18:36:00 INFO: Starting pendingRewards Salary Distribution for 1 users.
2025-07-05 18:36:00 WARN: Skipping user HYM704379: next salary due after 2025-07-06
2025-07-05 18:36:00 INFO: ✅ Finished processing pending rewards after 1 month.
2025-07-05 18:36:01 INFO: Finished global community update with 50/50 growth rewards.
2025-07-05 18:37:00 INFO: Starting pendingRewards Salary Distribution for 1 users.
2025-07-05 18:37:00 WARN: Skipping user HYM704379: next salary due after 2025-07-06
2025-07-05 18:37:00 INFO: ✅ Finished processing pending rewards after 1 month.
2025-07-05 18:37:01 INFO: Finished global community update with 50/50 growth rewards.
2025-07-05 18:38:00 INFO: Starting pendingRewards Salary Distribution for 1 users.
2025-07-05 18:38:00 WARN: Skipping user HYM704379: next salary due after 2025-07-06
2025-07-05 18:38:00 INFO: ✅ Finished processing pending rewards after 1 month.
2025-07-05 18:38:04 INFO: Finished global community update with 50/50 growth rewards.
2025-07-05 18:39:00 INFO: Starting pendingRewards Salary Distribution for 1 users.
2025-07-05 18:39:00 WARN: Skipping user HYM704379: next salary due after 2025-07-06
2025-07-05 18:39:00 INFO: ✅ Finished processing pending rewards after 1 month.
2025-07-05 18:39:03 INFO: Finished global community update with 50/50 growth rewards.
2025-07-05 18:40:00 INFO: Starting pendingRewards Salary Distribution for 1 users.
2025-07-05 18:40:00 WARN: Skipping user HYM704379: next salary due after 2025-07-06
2025-07-05 18:40:00 INFO: ✅ Finished processing pending rewards after 1 month.
2025-07-05 18:40:03 INFO: Finished global community update with 50/50 growth rewards.
2025-07-05 18:41:00 INFO: Starting pendingRewards Salary Distribution for 1 users.
2025-07-05 18:41:00 WARN: Skipping user HYM704379: next salary due after 2025-07-06
2025-07-05 18:41:00 INFO: ✅ Finished processing pending rewards after 1 month.
2025-07-05 18:41:01 INFO: Finished global community update with 50/50 growth rewards.
2025-07-05 18:42:00 INFO: Starting pendingRewards Salary Distribution for 1 users.
2025-07-05 18:42:00 WARN: Skipping user HYM704379: next salary due after 2025-07-06
2025-07-05 18:42:00 INFO: ✅ Finished processing pending rewards after 1 month.
2025-07-05 18:42:02 INFO: Finished global community update with 50/50 growth rewards.
2025-07-05 18:43:00 INFO: Starting pendingRewards Salary Distribution for 1 users.
2025-07-05 18:43:00 WARN: Skipping user HYM704379: next salary due after 2025-07-06
2025-07-05 18:43:00 INFO: ✅ Finished processing pending rewards after 1 month.
2025-07-05 18:43:01 INFO: Finished global community update with 50/50 growth rewards.
2025-07-05 18:44:00 INFO: Starting pendingRewards Salary Distribution for 1 users.
2025-07-05 18:44:01 WARN: Skipping user HYM704379: next salary due after 2025-07-06
2025-07-05 18:44:01 INFO: ✅ Finished processing pending rewards after 1 month.
2025-07-05 18:44:01 INFO: Finished global community update with 50/50 growth rewards.
2025-07-05 18:45:01 INFO: Starting pendingRewards Salary Distribution for 1 users.
2025-07-05 18:45:01 WARN: Skipping user HYM704379: next salary due after 2025-07-06
2025-07-05 18:45:01 INFO: ✅ Finished processing pending rewards after 1 month.
2025-07-05 18:45:02 INFO: Finished global community update with 50/50 growth rewards.
2025-07-05 18:46:00 INFO: Starting pendingRewards Salary Distribution for 1 users.
2025-07-05 18:46:00 WARN: Skipping user HYM704379: next salary due after 2025-07-06
2025-07-05 18:46:00 INFO: ✅ Finished processing pending rewards after 1 month.
2025-07-05 18:46:00 INFO: Finished global community update with 50/50 growth rewards.
2025-07-05 18:47:00 INFO: Starting pendingRewards Salary Distribution for 1 users.
2025-07-05 18:47:00 WARN: Skipping user HYM704379: next salary due after 2025-07-06
2025-07-05 18:47:00 INFO: ✅ Finished processing pending rewards after 1 month.
2025-07-05 18:47:00 INFO: Finished global community update with 50/50 growth rewards.
2025-07-05 18:48:00 INFO: Starting pendingRewards Salary Distribution for 1 users.
2025-07-05 18:48:00 WARN: Skipping user HYM704379: next salary due after 2025-07-06
2025-07-05 18:48:00 INFO: ✅ Finished processing pending rewards after 1 month.
2025-07-05 18:48:01 INFO: Finished global community update with 50/50 growth rewards.
2025-07-05 18:49:00 INFO: Starting pendingRewards Salary Distribution for 1 users.
2025-07-05 18:49:00 WARN: Skipping user HYM704379: next salary due after 2025-07-06
2025-07-05 18:49:00 INFO: ✅ Finished processing pending rewards after 1 month.
2025-07-05 18:49:01 INFO: Finished global community update with 50/50 growth rewards.
2025-07-05 18:50:00 INFO: Starting pendingRewards Salary Distribution for 1 users.
2025-07-05 18:50:00 WARN: Skipping user HYM704379: next salary due after 2025-07-06
2025-07-05 18:50:00 INFO: ✅ Finished processing pending rewards after 1 month.
2025-07-05 18:50:02 INFO: Finished global community update with 50/50 growth rewards.
2025-07-05 18:51:00 INFO: Starting pendingRewards Salary Distribution for 1 users.
2025-07-05 18:51:00 WARN: Skipping user HYM704379: next salary due after 2025-07-06
2025-07-05 18:51:00 INFO: ✅ Finished processing pending rewards after 1 month.
2025-07-05 18:51:03 INFO: Finished global community update with 50/50 growth rewards.
2025-07-05 18:52:00 INFO: Starting pendingRewards Salary Distribution for 1 users.
2025-07-05 18:52:00 WARN: Skipping user HYM704379: next salary due after 2025-07-06
2025-07-05 18:52:00 INFO: ✅ Finished processing pending rewards after 1 month.
2025-07-05 18:52:01 INFO: Finished global community update with 50/50 growth rewards.
2025-07-05 18:53:00 INFO: Starting pendingRewards Salary Distribution for 1 users.
2025-07-05 18:53:00 WARN: Skipping user HYM704379: next salary due after 2025-07-06
2025-07-05 18:53:00 INFO: ✅ Finished processing pending rewards after 1 month.
2025-07-05 18:53:01 INFO: Finished global community update with 50/50 growth rewards.
2025-07-05 18:54:00 INFO: Starting pendingRewards Salary Distribution for 1 users.
2025-07-05 18:54:00 WARN: Skipping user HYM704379: next salary due after 2025-07-06
2025-07-05 18:54:00 INFO: ✅ Finished processing pending rewards after 1 month.
2025-07-05 18:54:01 INFO: Finished global community update with 50/50 growth rewards.
2025-07-05 18:55:00 INFO: Starting pendingRewards Salary Distribution for 1 users.
2025-07-05 18:55:00 WARN: Skipping user HYM704379: next salary due after 2025-07-06
2025-07-05 18:55:00 INFO: ✅ Finished processing pending rewards after 1 month.
2025-07-05 18:55:01 INFO: Finished global community update with 50/50 growth rewards.
2025-07-05 18:56:00 INFO: Starting pendingRewards Salary Distribution for 1 users.
2025-07-05 18:56:00 WARN: Skipping user HYM704379: next salary due after 2025-07-06
2025-07-05 18:56:00 INFO: ✅ Finished processing pending rewards after 1 month.
2025-07-05 18:56:01 INFO: Finished global community update with 50/50 growth rewards.
2025-07-05 18:57:00 INFO: Starting pendingRewards Salary Distribution for 1 users.
2025-07-05 18:57:00 WARN: Skipping user HYM704379: next salary due after 2025-07-06
2025-07-05 18:57:00 INFO: ✅ Finished processing pending rewards after 1 month.
2025-07-05 18:57:01 INFO: Finished global community update with 50/50 growth rewards.
2025-07-05 18:58:00 INFO: Starting pendingRewards Salary Distribution for 1 users.
2025-07-05 18:58:00 WARN: Skipping user HYM704379: next salary due after 2025-07-06
2025-07-05 18:58:00 INFO: ✅ Finished processing pending rewards after 1 month.
2025-07-05 18:58:02 INFO: Finished global community update with 50/50 growth rewards.
2025-07-05 18:59:00 INFO: Starting pendingRewards Salary Distribution for 1 users.
2025-07-05 18:59:01 WARN: Skipping user HYM704379: next salary due after 2025-07-06
2025-07-05 18:59:01 INFO: ✅ Finished processing pending rewards after 1 month.
2025-07-05 18:59:02 INFO: Finished global community update with 50/50 growth rewards.
2025-07-05 19:00:00 INFO: Starting pendingRewards Salary Distribution for 1 users.
2025-07-05 19:00:00 WARN: Skipping user HYM704379: next salary due after 2025-07-06
2025-07-05 19:00:00 INFO: ✅ Finished processing pending rewards after 1 month.
2025-07-05 19:00:00 INFO: Finished global community update with 50/50 growth rewards.
2025-07-05 19:01:00 INFO: Starting pendingRewards Salary Distribution for 1 users.
2025-07-05 19:01:00 WARN: Skipping user HYM704379: next salary due after 2025-07-06
2025-07-05 19:01:00 INFO: ✅ Finished processing pending rewards after 1 month.
2025-07-05 19:01:00 INFO: Finished global community update with 50/50 growth rewards.
2025-07-05 19:02:00 INFO: Starting pendingRewards Salary Distribution for 1 users.
2025-07-05 19:02:00 WARN: Skipping user HYM704379: next salary due after 2025-07-06
2025-07-05 19:02:00 INFO: ✅ Finished processing pending rewards after 1 month.
2025-07-05 19:02:00 INFO: Finished global community update with 50/50 growth rewards.
2025-07-05 19:03:00 INFO: Starting pendingRewards Salary Distribution for 1 users.
2025-07-05 19:03:00 WARN: Skipping user HYM704379: next salary due after 2025-07-06
2025-07-05 19:03:00 INFO: ✅ Finished processing pending rewards after 1 month.
2025-07-05 19:03:00 INFO: Finished global community update with 50/50 growth rewards.
2025-07-05 19:04:00 INFO: Starting pendingRewards Salary Distribution for 1 users.
2025-07-05 19:04:00 WARN: Skipping user HYM704379: next salary due after 2025-07-06
2025-07-05 19:04:00 INFO: ✅ Finished processing pending rewards after 1 month.
2025-07-05 19:04:00 INFO: Finished global community update with 50/50 growth rewards.
2025-07-05 19:05:00 INFO: Starting pendingRewards Salary Distribution for 1 users.
2025-07-05 19:05:00 WARN: Skipping user HYM704379: next salary due after 2025-07-06
2025-07-05 19:05:00 INFO: ✅ Finished processing pending rewards after 1 month.
2025-07-05 19:05:01 INFO: Finished global community update with 50/50 growth rewards.
2025-07-05 19:06:00 INFO: Starting pendingRewards Salary Distribution for 1 users.
2025-07-05 19:06:00 WARN: Skipping user HYM704379: next salary due after 2025-07-06
2025-07-05 19:06:00 INFO: ✅ Finished processing pending rewards after 1 month.
2025-07-05 19:06:01 INFO: Finished global community update with 50/50 growth rewards.
2025-07-05 19:07:00 INFO: Starting pendingRewards Salary Distribution for 1 users.
2025-07-05 19:07:00 WARN: Skipping user HYM704379: next salary due after 2025-07-06
2025-07-05 19:07:00 INFO: ✅ Finished processing pending rewards after 1 month.
2025-07-05 19:07:01 INFO: Finished global community update with 50/50 growth rewards.
2025-07-05 19:08:00 INFO: Starting pendingRewards Salary Distribution for 1 users.
2025-07-05 19:08:00 WARN: Skipping user HYM704379: next salary due after 2025-07-06
2025-07-05 19:08:00 INFO: ✅ Finished processing pending rewards after 1 month.
2025-07-05 19:08:01 INFO: Finished global community update with 50/50 growth rewards.
2025-07-05 19:09:00 INFO: Starting pendingRewards Salary Distribution for 1 users.
2025-07-05 19:09:00 WARN: Skipping user HYM704379: next salary due after 2025-07-06
2025-07-05 19:09:00 INFO: ✅ Finished processing pending rewards after 1 month.
2025-07-05 19:09:01 INFO: Finished global community update with 50/50 growth rewards.
2025-07-05 19:10:00 INFO: Starting pendingRewards Salary Distribution for 1 users.
2025-07-05 19:10:00 WARN: Skipping user HYM704379: next salary due after 2025-07-06
2025-07-05 19:10:00 INFO: ✅ Finished processing pending rewards after 1 month.
2025-07-05 19:10:01 INFO: Finished global community update with 50/50 growth rewards.
2025-07-05 19:11:00 INFO: Starting pendingRewards Salary Distribution for 1 users.
2025-07-05 19:11:00 WARN: Skipping user HYM704379: next salary due after 2025-07-06
2025-07-05 19:11:00 INFO: ✅ Finished processing pending rewards after 1 month.
2025-07-05 19:11:01 INFO: Finished global community update with 50/50 growth rewards.
2025-07-05 19:12:01 INFO: Starting pendingRewards Salary Distribution for 1 users.
2025-07-05 19:12:01 WARN: Skipping user HYM704379: next salary due after 2025-07-06
2025-07-05 19:12:01 INFO: ✅ Finished processing pending rewards after 1 month.
2025-07-05 19:12:01 INFO: Finished global community update with 50/50 growth rewards.
2025-07-05 19:13:00 INFO: Starting pendingRewards Salary Distribution for 1 users.
2025-07-05 19:13:00 WARN: Skipping user HYM704379: next salary due after 2025-07-06
2025-07-05 19:13:00 INFO: ✅ Finished processing pending rewards after 1 month.
2025-07-05 19:13:00 INFO: Finished global community update with 50/50 growth rewards.
2025-07-05 19:14:00 INFO: Starting pendingRewards Salary Distribution for 1 users.
2025-07-05 19:14:00 WARN: Skipping user HYM704379: next salary due after 2025-07-06
2025-07-05 19:14:00 INFO: ✅ Finished processing pending rewards after 1 month.
2025-07-05 19:14:00 INFO: Finished global community update with 50/50 growth rewards.
2025-07-05 19:15:00 INFO: Starting pendingRewards Salary Distribution for 1 users.
2025-07-05 19:15:00 WARN: Skipping user HYM704379: next salary due after 2025-07-06
2025-07-05 19:15:00 INFO: ✅ Finished processing pending rewards after 1 month.
2025-07-05 19:15:01 INFO: Finished global community update with 50/50 growth rewards.
2025-07-05 19:16:00 INFO: Starting pendingRewards Salary Distribution for 1 users.
2025-07-05 19:16:00 WARN: Skipping user HYM704379: next salary due after 2025-07-06
2025-07-05 19:16:00 INFO: ✅ Finished processing pending rewards after 1 month.
2025-07-05 19:16:01 INFO: Finished global community update with 50/50 growth rewards.
2025-07-05 19:17:00 INFO: Starting pendingRewards Salary Distribution for 1 users.
2025-07-05 19:17:00 WARN: Skipping user HYM704379: next salary due after 2025-07-06
2025-07-05 19:17:00 INFO: ✅ Finished processing pending rewards after 1 month.
2025-07-05 19:17:01 INFO: Finished global community update with 50/50 growth rewards.
2025-07-05 19:18:00 INFO: Starting pendingRewards Salary Distribution for 1 users.
2025-07-05 19:18:00 WARN: Skipping user HYM704379: next salary due after 2025-07-06
2025-07-05 19:18:00 INFO: ✅ Finished processing pending rewards after 1 month.
2025-07-05 19:18:01 INFO: Finished global community update with 50/50 growth rewards.
2025-07-05 19:19:00 INFO: Starting pendingRewards Salary Distribution for 1 users.
2025-07-05 19:19:00 WARN: Skipping user HYM704379: next salary due after 2025-07-06
2025-07-05 19:19:00 INFO: ✅ Finished processing pending rewards after 1 month.
2025-07-05 19:19:01 INFO: Finished global community update with 50/50 growth rewards.
2025-07-05 19:20:00 INFO: Starting pendingRewards Salary Distribution for 1 users.
2025-07-05 19:20:00 WARN: Skipping user HYM704379: next salary due after 2025-07-06
2025-07-05 19:20:00 INFO: ✅ Finished processing pending rewards after 1 month.
2025-07-05 19:20:02 INFO: Finished global community update with 50/50 growth rewards.
2025-07-05 19:21:00 INFO: Starting pendingRewards Salary Distribution for 1 users.
2025-07-05 19:21:00 WARN: Skipping user HYM704379: next salary due after 2025-07-06
2025-07-05 19:21:00 INFO: ✅ Finished processing pending rewards after 1 month.
2025-07-05 19:21:01 INFO: Finished global community update with 50/50 growth rewards.
2025-07-05 19:22:00 INFO: Starting pendingRewards Salary Distribution for 1 users.
2025-07-05 19:22:00 WARN: Skipping user HYM704379: next salary due after 2025-07-06
2025-07-05 19:22:00 INFO: ✅ Finished processing pending rewards after 1 month.
2025-07-05 19:22:01 INFO: Finished global community update with 50/50 growth rewards.
2025-07-05 19:23:00 INFO: Starting pendingRewards Salary Distribution for 1 users.
2025-07-05 19:23:00 WARN: Skipping user HYM704379: next salary due after 2025-07-06
2025-07-05 19:23:00 INFO: ✅ Finished processing pending rewards after 1 month.
2025-07-05 19:23:01 INFO: Finished global community update with 50/50 growth rewards.
2025-07-05 19:24:00 INFO: Starting pendingRewards Salary Distribution for 1 users.
2025-07-05 19:24:00 WARN: Skipping user HYM704379: next salary due after 2025-07-06
2025-07-05 19:24:00 INFO: ✅ Finished processing pending rewards after 1 month.
2025-07-05 19:24:01 INFO: Finished global community update with 50/50 growth rewards.
2025-07-05 19:25:01 INFO: Starting pendingRewards Salary Distribution for 1 users.
2025-07-05 19:25:01 WARN: Skipping user HYM704379: next salary due after 2025-07-06
2025-07-05 19:25:01 INFO: ✅ Finished processing pending rewards after 1 month.
2025-07-05 19:25:01 INFO: Finished global community update with 50/50 growth rewards.
2025-07-05 19:26:00 INFO: Starting pendingRewards Salary Distribution for 1 users.
2025-07-05 19:26:00 WARN: Skipping user HYM704379: next salary due after 2025-07-06
2025-07-05 19:26:00 INFO: ✅ Finished processing pending rewards after 1 month.
2025-07-05 19:26:00 INFO: Finished global community update with 50/50 growth rewards.
2025-07-05 19:27:00 INFO: Starting pendingRewards Salary Distribution for 1 users.
2025-07-05 19:27:00 WARN: Skipping user HYM704379: next salary due after 2025-07-06
2025-07-05 19:27:00 INFO: ✅ Finished processing pending rewards after 1 month.
2025-07-05 19:27:00 INFO: Finished global community update with 50/50 growth rewards.
2025-07-05 19:28:00 INFO: Starting pendingRewards Salary Distribution for 1 users.
2025-07-05 19:28:00 WARN: Skipping user HYM704379: next salary due after 2025-07-06
2025-07-05 19:28:00 INFO: ✅ Finished processing pending rewards after 1 month.
2025-07-05 19:28:00 INFO: Finished global community update with 50/50 growth rewards.
2025-07-05 19:29:00 INFO: Starting pendingRewards Salary Distribution for 1 users.
2025-07-05 19:29:00 WARN: Skipping user HYM704379: next salary due after 2025-07-06
2025-07-05 19:29:00 INFO: ✅ Finished processing pending rewards after 1 month.
2025-07-05 19:29:01 INFO: Finished global community update with 50/50 growth rewards.
2025-07-05 19:30:00 INFO: Starting pendingRewards Salary Distribution for 1 users.
2025-07-05 19:30:00 WARN: Skipping user HYM704379: next salary due after 2025-07-06
2025-07-05 19:30:00 INFO: ✅ Finished processing pending rewards after 1 month.
2025-07-05 19:30:00 INFO: Finished global community update with 50/50 growth rewards.
2025-07-05 19:31:00 INFO: Starting pendingRewards Salary Distribution for 1 users.
2025-07-05 19:31:00 WARN: Skipping user HYM704379: next salary due after 2025-07-06
2025-07-05 19:31:00 INFO: ✅ Finished processing pending rewards after 1 month.
2025-07-05 19:31:01 INFO: Finished global community update with 50/50 growth rewards.
2025-07-05 19:32:00 INFO: Starting pendingRewards Salary Distribution for 1 users.
2025-07-05 19:32:00 WARN: Skipping user HYM704379: next salary due after 2025-07-06
2025-07-05 19:32:00 INFO: ✅ Finished processing pending rewards after 1 month.
2025-07-05 19:32:01 INFO: Finished global community update with 50/50 growth rewards.
2025-07-05 19:37:00 INFO: Starting pendingRewards Salary Distribution for 1 users.
2025-07-05 19:37:01 WARN: Skipping user HYM704379: next salary due after 2025-07-06
2025-07-05 19:37:01 INFO: ✅ Finished processing pending rewards after 1 month.
2025-07-05 19:37:01 INFO: Finished global community update with 50/50 growth rewards.
2025-07-05 19:42:00 INFO: Starting pendingRewards Salary Distribution for 1 users.
2025-07-05 19:42:00 WARN: Skipping user HYM704379: next salary due after 2025-07-06
2025-07-05 19:42:00 INFO: ✅ Finished processing pending rewards after 1 month.
2025-07-05 19:42:01 INFO: Finished global community update with 50/50 growth rewards.
2025-07-05 19:43:00 INFO: Starting pendingRewards Salary Distribution for 1 users.
2025-07-05 19:43:00 WARN: Skipping user HYM704379: next salary due after 2025-07-06
2025-07-05 19:43:00 INFO: ✅ Finished processing pending rewards after 1 month.
2025-07-05 19:43:03 INFO: Finished global community update with 50/50 growth rewards.
2025-07-05 20:07:00 INFO: Starting pendingRewards Salary Distribution for 1 users.
2025-07-05 20:07:00 WARN: Skipping user HYM704379: next salary due after 2025-07-06
2025-07-05 20:07:00 INFO: ✅ Finished processing pending rewards after 1 month.
2025-07-05 20:07:01 INFO: Finished global community update with 50/50 growth rewards.
2025-07-05 20:11:00 INFO: Starting pendingRewards Salary Distribution for 1 users.
2025-07-05 20:11:00 WARN: Skipping user HYM704379: next salary due after 2025-07-06
2025-07-05 20:11:00 INFO: ✅ Finished processing pending rewards after 1 month.
2025-07-05 20:11:01 INFO: Finished global community update with 50/50 growth rewards.
2025-07-05 20:12:00 INFO: Starting pendingRewards Salary Distribution for 1 users.
2025-07-05 20:12:00 WARN: Skipping user HYM704379: next salary due after 2025-07-06
2025-07-05 20:12:00 INFO: ✅ Finished processing pending rewards after 1 month.
2025-07-05 20:12:01 INFO: Finished global community update with 50/50 growth rewards.
2025-07-05 20:21:00 INFO: Starting pendingRewards Salary Distribution for 1 users.
2025-07-05 20:21:00 WARN: Skipping user HYM704379: next salary due after 2025-07-06
2025-07-05 20:21:00 INFO: ✅ Finished processing pending rewards after 1 month.
2025-07-05 20:21:01 INFO: Finished global community update with 50/50 growth rewards.
2025-07-05 20:25:00 INFO: Starting pendingRewards Salary Distribution for 1 users.
2025-07-05 20:25:01 WARN: Skipping user HYM704379: next salary due after 2025-07-06
2025-07-05 20:25:01 INFO: ✅ Finished processing pending rewards after 1 month.
2025-07-05 20:25:01 INFO: Finished global community update with 50/50 growth rewards.
2025-07-05 20:39:00 INFO: Starting pendingRewards Salary Distribution for 1 users.
2025-07-05 20:39:00 WARN: Skipping user HYM704379: next salary due after 2025-07-06
2025-07-05 20:39:00 INFO: ✅ Finished processing pending rewards after 1 month.
2025-07-05 20:39:01 INFO: Finished global community update with 50/50 growth rewards.
2025-07-05 20:40:01 INFO: Starting pendingRewards Salary Distribution for 1 users.
2025-07-05 20:40:01 WARN: Skipping user HYM704379: next salary due after 2025-07-06
2025-07-05 20:40:01 INFO: ✅ Finished processing pending rewards after 1 month.
2025-07-05 20:40:01 INFO: Finished global community update with 50/50 growth rewards.
2025-07-05 20:41:00 INFO: Starting pendingRewards Salary Distribution for 1 users.
2025-07-05 20:41:00 WARN: Skipping user HYM704379: next salary due after 2025-07-06
2025-07-05 20:41:00 INFO: ✅ Finished processing pending rewards after 1 month.
2025-07-05 20:41:01 INFO: Finished global community update with 50/50 growth rewards.
2025-07-05 20:42:00 INFO: Starting pendingRewards Salary Distribution for 1 users.
2025-07-05 20:42:00 WARN: Skipping user HYM704379: next salary due after 2025-07-06
2025-07-05 20:42:00 INFO: ✅ Finished processing pending rewards after 1 month.
2025-07-05 20:42:00 INFO: Finished global community update with 50/50 growth rewards.
2025-07-05 20:43:00 INFO: Starting pendingRewards Salary Distribution for 1 users.
2025-07-05 20:43:00 WARN: Skipping user HYM704379: next salary due after 2025-07-06
2025-07-05 20:43:00 INFO: ✅ Finished processing pending rewards after 1 month.
2025-07-05 20:43:00 INFO: Finished global community update with 50/50 growth rewards.
2025-07-05 20:44:00 INFO: Starting pendingRewards Salary Distribution for 1 users.
2025-07-05 20:44:00 WARN: Skipping user HYM704379: next salary due after 2025-07-06
2025-07-05 20:44:00 INFO: ✅ Finished processing pending rewards after 1 month.
2025-07-05 20:44:00 INFO: Finished global community update with 50/50 growth rewards.
2025-07-05 20:45:00 INFO: Starting pendingRewards Salary Distribution for 1 users.
2025-07-05 20:45:00 WARN: Skipping user HYM704379: next salary due after 2025-07-06
2025-07-05 20:45:00 INFO: ✅ Finished processing pending rewards after 1 month.
2025-07-05 20:45:01 INFO: Finished global community update with 50/50 growth rewards.
2025-07-05 20:46:00 INFO: Starting pendingRewards Salary Distribution for 1 users.
2025-07-05 20:46:00 WARN: Skipping user HYM704379: next salary due after 2025-07-06
2025-07-05 20:46:00 INFO: ✅ Finished processing pending rewards after 1 month.
2025-07-05 20:46:01 INFO: Finished global community update with 50/50 growth rewards.
2025-07-05 20:47:00 INFO: Starting pendingRewards Salary Distribution for 1 users.
2025-07-05 20:47:00 WARN: Skipping user HYM704379: next salary due after 2025-07-06
2025-07-05 20:47:00 INFO: ✅ Finished processing pending rewards after 1 month.
2025-07-05 20:47:01 INFO: Finished global community update with 50/50 growth rewards.
2025-07-05 20:48:00 INFO: Starting pendingRewards Salary Distribution for 1 users.
2025-07-05 20:48:00 WARN: Skipping user HYM704379: next salary due after 2025-07-06
2025-07-05 20:48:00 INFO: ✅ Finished processing pending rewards after 1 month.
2025-07-05 20:48:01 INFO: Finished global community update with 50/50 growth rewards.
2025-07-05 20:49:00 INFO: Starting pendingRewards Salary Distribution for 1 users.
2025-07-05 20:49:00 WARN: Skipping user HYM704379: next salary due after 2025-07-06
2025-07-05 20:49:00 INFO: ✅ Finished processing pending rewards after 1 month.
2025-07-05 20:49:03 INFO: Finished global community update with 50/50 growth rewards.
2025-07-05 20:50:00 INFO: Starting pendingRewards Salary Distribution for 1 users.
2025-07-05 20:50:00 WARN: Skipping user HYM704379: next salary due after 2025-07-06
2025-07-05 20:50:00 INFO: ✅ Finished processing pending rewards after 1 month.
2025-07-05 20:50:01 INFO: Finished global community update with 50/50 growth rewards.
2025-07-05 20:51:00 INFO: Starting pendingRewards Salary Distribution for 1 users.
2025-07-05 20:51:00 WARN: Skipping user HYM704379: next salary due after 2025-07-06
2025-07-05 20:51:00 INFO: ✅ Finished processing pending rewards after 1 month.
2025-07-05 20:51:03 INFO: Finished global community update with 50/50 growth rewards.
2025-07-05 20:52:00 INFO: Starting pendingRewards Salary Distribution for 1 users.
2025-07-05 20:52:00 WARN: Skipping user HYM704379: next salary due after 2025-07-06
2025-07-05 20:52:00 INFO: ✅ Finished processing pending rewards after 1 month.
2025-07-05 20:52:03 INFO: Finished global community update with 50/50 growth rewards.
2025-07-05 20:53:00 INFO: Starting pendingRewards Salary Distribution for 1 users.
2025-07-05 20:53:00 WARN: Skipping user HYM704379: next salary due after 2025-07-06
2025-07-05 20:53:00 INFO: ✅ Finished processing pending rewards after 1 month.
2025-07-05 20:53:00 INFO: Finished global community update with 50/50 growth rewards.
2025-07-05 20:54:00 INFO: Starting pendingRewards Salary Distribution for 1 users.
2025-07-05 20:54:00 WARN: Skipping user HYM704379: next salary due after 2025-07-06
2025-07-05 20:54:00 INFO: ✅ Finished processing pending rewards after 1 month.
2025-07-05 20:54:03 INFO: Finished global community update with 50/50 growth rewards.
2025-07-05 20:55:00 INFO: Starting pendingRewards Salary Distribution for 1 users.
2025-07-05 20:55:00 WARN: Skipping user HYM704379: next salary due after 2025-07-06
2025-07-05 20:55:00 INFO: ✅ Finished processing pending rewards after 1 month.
2025-07-05 20:55:03 INFO: Finished global community update with 50/50 growth rewards.
2025-07-05 20:56:00 INFO: Starting pendingRewards Salary Distribution for 1 users.
2025-07-05 20:56:00 WARN: Skipping user HYM704379: next salary due after 2025-07-06
2025-07-05 20:56:00 INFO: ✅ Finished processing pending rewards after 1 month.
2025-07-05 20:56:01 INFO: Finished global community update with 50/50 growth rewards.
2025-07-05 20:57:00 INFO: Starting pendingRewards Salary Distribution for 1 users.
2025-07-05 20:57:00 WARN: Skipping user HYM704379: next salary due after 2025-07-06
2025-07-05 20:57:00 INFO: ✅ Finished processing pending rewards after 1 month.
2025-07-05 20:57:01 INFO: Finished global community update with 50/50 growth rewards.
2025-07-05 20:58:00 INFO: Starting pendingRewards Salary Distribution for 1 users.
2025-07-05 20:58:00 WARN: Skipping user HYM704379: next salary due after 2025-07-06
2025-07-05 20:58:00 INFO: ✅ Finished processing pending rewards after 1 month.
2025-07-05 20:58:01 INFO: Finished global community update with 50/50 growth rewards.
2025-07-05 20:59:00 INFO: Starting pendingRewards Salary Distribution for 1 users.
2025-07-05 20:59:00 WARN: Skipping user HYM704379: next salary due after 2025-07-06
2025-07-05 20:59:00 INFO: ✅ Finished processing pending rewards after 1 month.
2025-07-05 20:59:02 INFO: Finished global community update with 50/50 growth rewards.
2025-07-05 21:00:00 INFO: Starting pendingRewards Salary Distribution for 1 users.
2025-07-05 21:00:00 WARN: Skipping user HYM704379: next salary due after 2025-07-06
2025-07-05 21:00:00 INFO: ✅ Finished processing pending rewards after 1 month.
2025-07-05 21:00:04 INFO: Finished global community update with 50/50 growth rewards.
2025-07-05 21:01:00 INFO: Starting pendingRewards Salary Distribution for 1 users.
2025-07-05 21:01:00 WARN: Skipping user HYM704379: next salary due after 2025-07-06
2025-07-05 21:01:00 INFO: ✅ Finished processing pending rewards after 1 month.
2025-07-05 21:01:04 INFO: Finished global community update with 50/50 growth rewards.
2025-07-05 21:02:00 INFO: Starting pendingRewards Salary Distribution for 1 users.
2025-07-05 21:02:00 WARN: Skipping user HYM704379: next salary due after 2025-07-06
2025-07-05 21:02:00 INFO: ✅ Finished processing pending rewards after 1 month.
2025-07-05 21:02:01 INFO: Finished global community update with 50/50 growth rewards.
2025-07-05 21:03:00 INFO: Starting pendingRewards Salary Distribution for 1 users.
2025-07-05 21:03:00 WARN: Skipping user HYM704379: next salary due after 2025-07-06
2025-07-05 21:03:00 INFO: ✅ Finished processing pending rewards after 1 month.
2025-07-05 21:03:03 INFO: Finished global community update with 50/50 growth rewards.
2025-07-05 21:04:00 INFO: Starting pendingRewards Salary Distribution for 1 users.
2025-07-05 21:04:00 WARN: Skipping user HYM704379: next salary due after 2025-07-06
2025-07-05 21:04:00 INFO: ✅ Finished processing pending rewards after 1 month.
2025-07-05 21:04:03 INFO: Finished global community update with 50/50 growth rewards.
2025-07-05 21:05:01 INFO: Starting pendingRewards Salary Distribution for 1 users.
2025-07-05 21:05:01 WARN: Skipping user HYM704379: next salary due after 2025-07-06
2025-07-05 21:05:01 INFO: ✅ Finished processing pending rewards after 1 month.
2025-07-05 21:05:02 INFO: Finished global community update with 50/50 growth rewards.
2025-07-05 21:06:00 INFO: Starting pendingRewards Salary Distribution for 1 users.
2025-07-05 21:06:00 WARN: Skipping user HYM704379: next salary due after 2025-07-06
2025-07-05 21:06:00 INFO: ✅ Finished processing pending rewards after 1 month.
2025-07-05 21:06:00 INFO: Finished global community update with 50/50 growth rewards.
2025-07-05 21:07:00 INFO: Starting pendingRewards Salary Distribution for 1 users.
2025-07-05 21:07:00 WARN: Skipping user HYM704379: next salary due after 2025-07-06
2025-07-05 21:07:00 INFO: ✅ Finished processing pending rewards after 1 month.
2025-07-05 21:07:01 INFO: Finished global community update with 50/50 growth rewards.
2025-07-05 21:08:00 INFO: Starting pendingRewards Salary Distribution for 1 users.
2025-07-05 21:08:00 WARN: Skipping user HYM704379: next salary due after 2025-07-06
2025-07-05 21:08:00 INFO: ✅ Finished processing pending rewards after 1 month.
2025-07-05 21:08:01 INFO: Finished global community update with 50/50 growth rewards.
2025-07-05 21:09:00 INFO: Starting pendingRewards Salary Distribution for 1 users.
2025-07-05 21:09:00 WARN: Skipping user HYM704379: next salary due after 2025-07-06
2025-07-05 21:09:00 INFO: ✅ Finished processing pending rewards after 1 month.
2025-07-05 21:09:01 INFO: Finished global community update with 50/50 growth rewards.
2025-07-05 21:10:00 INFO: Starting pendingRewards Salary Distribution for 1 users.
2025-07-05 21:10:00 WARN: Skipping user HYM704379: next salary due after 2025-07-06
2025-07-05 21:10:00 INFO: ✅ Finished processing pending rewards after 1 month.
2025-07-05 21:10:01 INFO: Finished global community update with 50/50 growth rewards.
2025-07-05 21:11:00 INFO: Starting pendingRewards Salary Distribution for 1 users.
2025-07-05 21:11:00 WARN: Skipping user HYM704379: next salary due after 2025-07-06
2025-07-05 21:11:00 INFO: ✅ Finished processing pending rewards after 1 month.
2025-07-05 21:11:01 INFO: Finished global community update with 50/50 growth rewards.
2025-07-05 21:12:00 INFO: Starting pendingRewards Salary Distribution for 1 users.
2025-07-05 21:12:00 WARN: Skipping user HYM704379: next salary due after 2025-07-06
2025-07-05 21:12:00 INFO: ✅ Finished processing pending rewards after 1 month.
2025-07-05 21:12:03 INFO: Finished global community update with 50/50 growth rewards.
2025-07-05 21:13:00 INFO: Starting pendingRewards Salary Distribution for 1 users.
2025-07-05 21:13:00 WARN: Skipping user HYM704379: next salary due after 2025-07-06
2025-07-05 21:13:00 INFO: ✅ Finished processing pending rewards after 1 month.
2025-07-05 21:13:02 INFO: Finished global community update with 50/50 growth rewards.
2025-07-05 21:14:00 INFO: Starting pendingRewards Salary Distribution for 1 users.
2025-07-05 21:14:00 WARN: Skipping user HYM704379: next salary due after 2025-07-06
2025-07-05 21:14:00 INFO: ✅ Finished processing pending rewards after 1 month.
2025-07-05 21:14:04 INFO: Finished global community update with 50/50 growth rewards.
2025-07-05 21:15:00 INFO: Starting pendingRewards Salary Distribution for 1 users.
2025-07-05 21:15:00 WARN: Skipping user HYM704379: next salary due after 2025-07-06
2025-07-05 21:15:00 INFO: ✅ Finished processing pending rewards after 1 month.
2025-07-05 21:15:01 INFO: Finished global community update with 50/50 growth rewards.
2025-07-05 21:16:00 INFO: Starting pendingRewards Salary Distribution for 1 users.
2025-07-05 21:16:00 WARN: Skipping user HYM704379: next salary due after 2025-07-06
2025-07-05 21:16:00 INFO: ✅ Finished processing pending rewards after 1 month.
2025-07-05 21:16:02 INFO: Finished global community update with 50/50 growth rewards.
2025-07-05 21:17:00 INFO: Starting pendingRewards Salary Distribution for 1 users.
2025-07-05 21:17:00 WARN: Skipping user HYM704379: next salary due after 2025-07-06
2025-07-05 21:17:00 INFO: ✅ Finished processing pending rewards after 1 month.
2025-07-05 21:17:02 INFO: Finished global community update with 50/50 growth rewards.
2025-07-05 21:18:00 INFO: Starting pendingRewards Salary Distribution for 1 users.
2025-07-05 21:18:00 WARN: Skipping user HYM704379: next salary due after 2025-07-06
2025-07-05 21:18:00 INFO: ✅ Finished processing pending rewards after 1 month.
2025-07-05 21:18:02 INFO: Finished global community update with 50/50 growth rewards.
2025-07-05 21:19:00 INFO: Starting pendingRewards Salary Distribution for 1 users.
2025-07-05 21:19:00 WARN: Skipping user HYM704379: next salary due after 2025-07-06
2025-07-05 21:19:00 INFO: ✅ Finished processing pending rewards after 1 month.
2025-07-05 21:19:00 INFO: Finished global community update with 50/50 growth rewards.
2025-07-05 21:20:00 INFO: Starting pendingRewards Salary Distribution for 1 users.
2025-07-05 21:20:00 WARN: Skipping user HYM704379: next salary due after 2025-07-06
2025-07-05 21:20:00 INFO: ✅ Finished processing pending rewards after 1 month.
2025-07-05 21:20:00 INFO: Finished global community update with 50/50 growth rewards.
2025-07-05 21:21:00 INFO: Starting pendingRewards Salary Distribution for 1 users.
2025-07-05 21:21:00 WARN: Skipping user HYM704379: next salary due after 2025-07-06
2025-07-05 21:21:00 INFO: ✅ Finished processing pending rewards after 1 month.
2025-07-05 21:21:01 INFO: Finished global community update with 50/50 growth rewards.
2025-07-05 21:22:00 INFO: Starting pendingRewards Salary Distribution for 1 users.
2025-07-05 21:22:00 WARN: Skipping user HYM704379: next salary due after 2025-07-06
2025-07-05 21:22:00 INFO: ✅ Finished processing pending rewards after 1 month.
2025-07-05 21:22:01 INFO: Finished global community update with 50/50 growth rewards.
2025-07-05 21:23:00 INFO: Starting pendingRewards Salary Distribution for 1 users.
2025-07-05 21:23:00 WARN: Skipping user HYM704379: next salary due after 2025-07-06
2025-07-05 21:23:00 INFO: ✅ Finished processing pending rewards after 1 month.
2025-07-05 21:23:01 INFO: Finished global community update with 50/50 growth rewards.
2025-07-05 21:24:00 INFO: Starting pendingRewards Salary Distribution for 1 users.
2025-07-05 21:24:00 WARN: Skipping user HYM704379: next salary due after 2025-07-06
2025-07-05 21:24:00 INFO: ✅ Finished processing pending rewards after 1 month.
2025-07-05 21:24:02 INFO: Finished global community update with 50/50 growth rewards.
2025-07-05 21:25:01 INFO: Starting pendingRewards Salary Distribution for 1 users.
2025-07-05 21:25:01 WARN: Skipping user HYM704379: next salary due after 2025-07-06
2025-07-05 21:25:01 INFO: ✅ Finished processing pending rewards after 1 month.
2025-07-05 21:25:06 INFO: Finished global community update with 50/50 growth rewards.
2025-07-05 21:26:00 INFO: Starting pendingRewards Salary Distribution for 1 users.
2025-07-05 21:26:00 WARN: Skipping user HYM704379: next salary due after 2025-07-06
2025-07-05 21:26:00 INFO: ✅ Finished processing pending rewards after 1 month.
2025-07-05 21:26:00 INFO: Finished global community update with 50/50 growth rewards.
2025-07-05 21:27:00 INFO: Starting pendingRewards Salary Distribution for 1 users.
2025-07-05 21:27:00 WARN: Skipping user HYM704379: next salary due after 2025-07-06
2025-07-05 21:27:00 INFO: ✅ Finished processing pending rewards after 1 month.
2025-07-05 21:27:01 INFO: Finished global community update with 50/50 growth rewards.
2025-07-05 21:28:00 INFO: Starting pendingRewards Salary Distribution for 1 users.
2025-07-05 21:28:00 WARN: Skipping user HYM704379: next salary due after 2025-07-06
2025-07-05 21:28:00 INFO: ✅ Finished processing pending rewards after 1 month.
2025-07-05 21:28:01 INFO: Finished global community update with 50/50 growth rewards.
2025-07-05 21:29:00 INFO: Starting pendingRewards Salary Distribution for 1 users.
2025-07-05 21:29:00 WARN: Skipping user HYM704379: next salary due after 2025-07-06
2025-07-05 21:29:00 INFO: ✅ Finished processing pending rewards after 1 month.
2025-07-05 21:29:01 INFO: Finished global community update with 50/50 growth rewards.
2025-07-05 21:30:00 INFO: Starting pendingRewards Salary Distribution for 1 users.
2025-07-05 21:30:00 WARN: Skipping user HYM704379: next salary due after 2025-07-06
2025-07-05 21:30:00 INFO: ✅ Finished processing pending rewards after 1 month.
2025-07-05 21:30:01 INFO: Finished global community update with 50/50 growth rewards.
2025-07-05 21:31:00 INFO: Starting pendingRewards Salary Distribution for 1 users.
2025-07-05 21:31:00 WARN: Skipping user HYM704379: next salary due after 2025-07-06
2025-07-05 21:31:00 INFO: ✅ Finished processing pending rewards after 1 month.
2025-07-05 21:31:01 INFO: Finished global community update with 50/50 growth rewards.
2025-07-05 21:32:00 INFO: Starting pendingRewards Salary Distribution for 1 users.
2025-07-05 21:32:00 WARN: Skipping user HYM704379: next salary due after 2025-07-06
2025-07-05 21:32:00 INFO: ✅ Finished processing pending rewards after 1 month.
2025-07-05 21:32:01 INFO: Finished global community update with 50/50 growth rewards.
2025-07-05 21:33:00 INFO: Starting pendingRewards Salary Distribution for 1 users.
2025-07-05 21:33:00 WARN: Skipping user HYM704379: next salary due after 2025-07-06
2025-07-05 21:33:00 INFO: ✅ Finished processing pending rewards after 1 month.
2025-07-05 21:33:01 INFO: Finished global community update with 50/50 growth rewards.
2025-07-05 21:34:00 INFO: Starting pendingRewards Salary Distribution for 1 users.
2025-07-05 21:34:00 WARN: Skipping user HYM704379: next salary due after 2025-07-06
2025-07-05 21:34:00 INFO: ✅ Finished processing pending rewards after 1 month.
2025-07-05 21:34:01 INFO: Finished global community update with 50/50 growth rewards.
2025-07-05 21:35:00 INFO: Starting pendingRewards Salary Distribution for 1 users.
2025-07-05 21:35:00 WARN: Skipping user HYM704379: next salary due after 2025-07-06
2025-07-05 21:35:00 INFO: ✅ Finished processing pending rewards after 1 month.
2025-07-05 21:35:01 INFO: Finished global community update with 50/50 growth rewards.
2025-07-05 21:36:00 INFO: Starting pendingRewards Salary Distribution for 1 users.
2025-07-05 21:36:00 WARN: Skipping user HYM704379: next salary due after 2025-07-06
2025-07-05 21:36:00 INFO: ✅ Finished processing pending rewards after 1 month.
2025-07-05 21:36:01 INFO: Finished global community update with 50/50 growth rewards.
2025-07-05 21:37:00 INFO: Starting pendingRewards Salary Distribution for 1 users.
2025-07-05 21:37:01 WARN: Skipping user HYM704379: next salary due after 2025-07-06
2025-07-05 21:37:01 INFO: ✅ Finished processing pending rewards after 1 month.
2025-07-05 21:37:01 INFO: Finished global community update with 50/50 growth rewards.
2025-07-05 21:38:00 INFO: Starting pendingRewards Salary Distribution for 1 users.
2025-07-05 21:38:00 WARN: Skipping user HYM704379: next salary due after 2025-07-06
2025-07-05 21:38:00 INFO: ✅ Finished processing pending rewards after 1 month.
2025-07-05 21:38:04 INFO: Finished global community update with 50/50 growth rewards.
2025-07-05 21:39:00 INFO: Starting pendingRewards Salary Distribution for 1 users.
2025-07-05 21:39:00 WARN: Skipping user HYM704379: next salary due after 2025-07-06
2025-07-05 21:39:00 INFO: ✅ Finished processing pending rewards after 1 month.
2025-07-05 21:39:00 INFO: Finished global community update with 50/50 growth rewards.
2025-07-05 21:40:00 INFO: Starting pendingRewards Salary Distribution for 1 users.
2025-07-05 21:40:00 WARN: Skipping user HYM704379: next salary due after 2025-07-06
2025-07-05 21:40:00 INFO: ✅ Finished processing pending rewards after 1 month.
2025-07-05 21:40:00 INFO: Finished global community update with 50/50 growth rewards.
2025-07-05 21:41:00 INFO: Starting pendingRewards Salary Distribution for 1 users.
2025-07-05 21:41:00 WARN: Skipping user HYM704379: next salary due after 2025-07-06
2025-07-05 21:41:00 INFO: ✅ Finished processing pending rewards after 1 month.
2025-07-05 21:41:00 INFO: Finished global community update with 50/50 growth rewards.
2025-07-05 21:42:00 INFO: Starting pendingRewards Salary Distribution for 1 users.
2025-07-05 21:42:00 WARN: Skipping user HYM704379: next salary due after 2025-07-06
2025-07-05 21:42:00 INFO: ✅ Finished processing pending rewards after 1 month.
2025-07-05 21:42:03 INFO: Finished global community update with 50/50 growth rewards.
2025-07-05 21:43:00 INFO: Starting pendingRewards Salary Distribution for 1 users.
2025-07-05 21:43:00 WARN: Skipping user HYM704379: next salary due after 2025-07-06
2025-07-05 21:43:00 INFO: ✅ Finished processing pending rewards after 1 month.
2025-07-05 21:43:02 INFO: Finished global community update with 50/50 growth rewards.
2025-07-05 21:44:00 INFO: Starting pendingRewards Salary Distribution for 1 users.
2025-07-05 21:44:00 WARN: Skipping user HYM704379: next salary due after 2025-07-06
2025-07-05 21:44:00 INFO: ✅ Finished processing pending rewards after 1 month.
2025-07-05 21:44:01 INFO: Finished global community update with 50/50 growth rewards.
2025-07-05 21:45:00 INFO: Starting pendingRewards Salary Distribution for 1 users.
2025-07-05 21:45:00 WARN: Skipping user HYM704379: next salary due after 2025-07-06
2025-07-05 21:45:00 INFO: ✅ Finished processing pending rewards after 1 month.
2025-07-05 21:45:03 INFO: Finished global community update with 50/50 growth rewards.
2025-07-05 21:46:00 INFO: Starting pendingRewards Salary Distribution for 1 users.
2025-07-05 21:46:00 WARN: Skipping user HYM704379: next salary due after 2025-07-06
2025-07-05 21:46:00 INFO: ✅ Finished processing pending rewards after 1 month.
2025-07-05 21:46:01 INFO: Finished global community update with 50/50 growth rewards.
2025-07-05 21:47:00 INFO: Starting pendingRewards Salary Distribution for 1 users.
2025-07-05 21:47:00 WARN: Skipping user HYM704379: next salary due after 2025-07-06
2025-07-05 21:47:00 INFO: ✅ Finished processing pending rewards after 1 month.
2025-07-05 21:47:04 INFO: Finished global community update with 50/50 growth rewards.
2025-07-05 21:48:00 INFO: Starting pendingRewards Salary Distribution for 1 users.
2025-07-05 21:48:00 WARN: Skipping user HYM704379: next salary due after 2025-07-06
2025-07-05 21:48:00 INFO: ✅ Finished processing pending rewards after 1 month.
2025-07-05 21:48:04 INFO: Finished global community update with 50/50 growth rewards.
2025-07-05 21:49:00 INFO: Starting pendingRewards Salary Distribution for 1 users.
2025-07-05 21:49:00 WARN: Skipping user HYM704379: next salary due after 2025-07-06
2025-07-05 21:49:00 INFO: ✅ Finished processing pending rewards after 1 month.
2025-07-05 21:49:01 INFO: Finished global community update with 50/50 growth rewards.
2025-07-05 21:50:00 INFO: Starting pendingRewards Salary Distribution for 1 users.
2025-07-05 21:50:00 WARN: Skipping user HYM704379: next salary due after 2025-07-06
2025-07-05 21:50:00 INFO: ✅ Finished processing pending rewards after 1 month.
2025-07-05 21:50:01 INFO: Finished global community update with 50/50 growth rewards.
